[templates.bwlthemes.com/greenlife/index.html]
[backblue.gif]
[fade.gif]
[index.html]
[templates.bwlthemes.com/greenlife/images/favicon.png]
[templates.bwlthemes.com/greenlife/css/bootstrap.min.css]
[templates.bwlthemes.com/greenlife/css/font-awesome.min.css]
[templates.bwlthemes.com/greenlife/css/animate.css]
[templates.bwlthemes.com/greenlife/css/owl.carousel.css]
[templates.bwlthemes.com/greenlife/css/venobox.css]
[templates.bwlthemes.com/greenlife/css/styles.css]
[templates.bwlthemes.com/greenlife/images/loader.gif]
[templates.bwlthemes.com/greenlife/donation.html]
[templates.bwlthemes.com/greenlife/images/logo.png]
[templates.bwlthemes.com/greenlife/home-2.html]
[templates.bwlthemes.com/greenlife/about-us.html]
[templates.bwlthemes.com/greenlife/service.html]
[templates.bwlthemes.com/greenlife/gallery-1.html]
[templates.bwlthemes.com/greenlife/gallery-2.html]
[templates.bwlthemes.com/greenlife/gallery-3.html]
[templates.bwlthemes.com/greenlife/404.html]
[templates.bwlthemes.com/greenlife/causes.html]
[templates.bwlthemes.com/greenlife/cause-single.html]
[templates.bwlthemes.com/greenlife/events.html]
[templates.bwlthemes.com/greenlife/event-single.html]
[templates.bwlthemes.com/greenlife/blog.html]
[templates.bwlthemes.com/greenlife/single.html]
[templates.bwlthemes.com/greenlife/contact.html]
[templates.bwlthemes.com/greenlife/images/home_1_slider_1.jpg]
[templates.bwlthemes.com/greenlife/images/home_1_slider_2.jpg]
[templates.bwlthemes.com/greenlife/images/social_cause_1.jpg]
[templates.bwlthemes.com/greenlife/images/social_cause_2.jpg]
[templates.bwlthemes.com/greenlife/images/team_6.jpg]
[templates.bwlthemes.com/greenlife/images/team_7.jpg]
[templates.bwlthemes.com/greenlife/images/team_8.jpg]
[templates.bwlthemes.com/greenlife/images/team_9.jpg]
[templates.bwlthemes.com/greenlife/images/event_2.jpg]
[templates.bwlthemes.com/greenlife/images/event_1.jpg]
[templates.bwlthemes.com/greenlife/images/event_3.jpg]
[templates.bwlthemes.com/greenlife/images/gallery_1.jpg]
[templates.bwlthemes.com/greenlife/images/gallery_2.jpg]
[templates.bwlthemes.com/greenlife/images/gallery_5.jpg]
[templates.bwlthemes.com/greenlife/images/gallery_3.jpg]
[templates.bwlthemes.com/greenlife/images/gallery_4.jpg]
[templates.bwlthemes.com/greenlife/images/gallery_6.jpg]
[templates.bwlthemes.com/greenlife/images/logo_1.png]
[templates.bwlthemes.com/greenlife/images/logo_2.png]
[templates.bwlthemes.com/greenlife/images/logo_3.png]
[templates.bwlthemes.com/greenlife/images/logo_4.png]
[templates.bwlthemes.com/greenlife/images/logo_5.png]
[templates.bwlthemes.com/greenlife/donate.html]
[templates.bwlthemes.com/greenlife/blog-with-sidebar.html]
[templates.bwlthemes.com/greenlife/campaign-grid.html]
[templates.bwlthemes.com/greenlife/js/jquery.min.js]
[templates.bwlthemes.com/greenlife/js/bootstrap.min.js]
[templates.bwlthemes.com/greenlife/js/wow.min.js]
[templates.bwlthemes.com/greenlife/js/jquery.backTop.min.js]
[templates.bwlthemes.com/greenlife/js/waypoints.min.js]
[templates.bwlthemes.com/greenlife/js/waypoints-sticky.min.js]
[templates.bwlthemes.com/greenlife/js/owl.carousel.min.js]
[templates.bwlthemes.com/greenlife/js/jquery.stellar.min.js]
[templates.bwlthemes.com/greenlife/js/jquery.counterup.min.js]
[templates.bwlthemes.com/greenlife/js/venobox.min.js]
[templates.bwlthemes.com/greenlife/index.html]
[templates.bwlthemes.com/greenlife/js/custom-scripts.js]
[templates.bwlthemes.com/greenlife/fonts/glyphicons-halflings-regular.eot]
[templates.bwlthemes.com/greenlife/fonts/glyphicons-halflings-regulard41d.eot]
[templates.bwlthemes.com/greenlife/fonts/glyphicons-halflings-regular.woff2]
[templates.bwlthemes.com/greenlife/fonts/glyphicons-halflings-regular.woff]
[templates.bwlthemes.com/greenlife/fonts/glyphicons-halflings-regular.ttf]
[templates.bwlthemes.com/greenlife/fonts/glyphicons-halflings-regular.svg]
[templates.bwlthemes.com/greenlife/css/bootstrap.min.css]
[templates.bwlthemes.com/greenlife/fonts/fontawesome-webfont5b62.eot]
[templates.bwlthemes.com/greenlife/fonts/fontawesome-webfontd41d.eot]
[templates.bwlthemes.com/greenlife/fonts/fontawesome-webfont5b62.woff2]
[templates.bwlthemes.com/greenlife/fonts/fontawesome-webfont5b62.woff]
[templates.bwlthemes.com/greenlife/fonts/fontawesome-webfont5b62.ttf]
[templates.bwlthemes.com/greenlife/css/font-awesome.min.css]
[templates.bwlthemes.com/greenlife/css/animate.css]
[templates.bwlthemes.com/greenlife/fonts/fontawesome-webfont5b62.svg]
[templates.bwlthemes.com/greenlife/css/owl.video.play.png]
[templates.bwlthemes.com/greenlife/css/owl.carousel.css]
[templates.bwlthemes.com/greenlife/images/preload-circle.png]
[templates.bwlthemes.com/greenlife/images/close.gif]
[templates.bwlthemes.com/greenlife/images/prev.gif]
[templates.bwlthemes.com/greenlife/images/next.gif]
[templates.bwlthemes.com/greenlife/css/venobox.css]
[templates.bwlthemes.com/greenlife/images/uparr-48-b.png]
[templates.bwlthemes.com/greenlife/images/heading_bg_left.png]
[templates.bwlthemes.com/greenlife/images/heading_bg_right.png]
[templates.bwlthemes.com/greenlife/images/causes_bg.jpg]
[templates.bwlthemes.com/greenlife/images/peoples.jpg]
[templates.bwlthemes.com/greenlife/images/volunteer_group.jpg]
[templates.bwlthemes.com/greenlife/images/pattern_1.png]
[templates.bwlthemes.com/greenlife/images/header-bg.jpg]
[templates.bwlthemes.com/greenlife/images/our_mission_bg.jpg]
[templates.bwlthemes.com/greenlife/images/counter_bg.jpg]
[templates.bwlthemes.com/greenlife/images/bg-geometry.png]
[templates.bwlthemes.com/greenlife/images/home_1_banner.jpg]
[templates.bwlthemes.com/greenlife/images/donation.jpg]
[templates.bwlthemes.com/greenlife/images/cause-home2-1.jpg]
[templates.bwlthemes.com/greenlife/css/styles.css]
[templates.bwlthemes.com/greenlife/css/bootstrap-social.css]
[templates.bwlthemes.com/greenlife/donation.html]
[templates.bwlthemes.com/greenlife/css/icon-styles.css]
[templates.bwlthemes.com/greenlife/images/home_2_slider_2.jpg]
[templates.bwlthemes.com/greenlife/images/cause-home2-2.jpg]
[templates.bwlthemes.com/greenlife/images/event-01.jpg]
[templates.bwlthemes.com/greenlife/images/event-02.jpg]
[templates.bwlthemes.com/greenlife/home-2.html]
[templates.bwlthemes.com/greenlife/about-us.html]
[templates.bwlthemes.com/greenlife/service.html]
[templates.bwlthemes.com/greenlife/gallery-1.html]
[templates.bwlthemes.com/greenlife/gallery-2.html]
[templates.bwlthemes.com/greenlife/gallery-3.html]
[templates.bwlthemes.com/greenlife/404.html]
[templates.bwlthemes.com/greenlife/causes.html]
[templates.bwlthemes.com/greenlife/images/user_1.jpg]
[templates.bwlthemes.com/greenlife/images/user_2.jpg]
[templates.bwlthemes.com/greenlife/images/user_3.jpg]
[templates.bwlthemes.com/greenlife/images/user_4.jpg]
[templates.bwlthemes.com/greenlife/cause-single.html]
[templates.bwlthemes.com/greenlife/events.html]
[templates.bwlthemes.com/greenlife/event-single.html]
[templates.bwlthemes.com/greenlife/blog.html]
[templates.bwlthemes.com/greenlife/single.html]
[templates.bwlthemes.com/greenlife/contact.html]
[templates.bwlthemes.com/greenlife/donate.html]
[templates.bwlthemes.com/greenlife/blog-with-sidebar.html]
[templates.bwlthemes.com/greenlife/campaign-grid.html]
[templates.bwlthemes.com/greenlife/js/jquery.min.js]
[templates.bwlthemes.com/greenlife/js/jquery.gmap.min.js]
[templates.bwlthemes.com/greenlife/Popover requires tooltip.js]
[templates.bwlthemes.com/greenlife/js/bootstrap.min.js]
[templates.bwlthemes.com/greenlife/js/wow.min.js]
[templates.bwlthemes.com/greenlife/js/jquery.backTop.min.js]
[templates.bwlthemes.com/greenlife/js/waypoints.min.js]
[templates.bwlthemes.com/greenlife/js/waypoints-sticky.min.js]
[templates.bwlthemes.com/greenlife/js/owl.carousel.min.js]
[templates.bwlthemes.com/greenlife/js/jquery.stellar.min.js]
[templates.bwlthemes.com/greenlife/js/jquery.counterup.min.js]
[templates.bwlthemes.com/greenlife/js/venobox.min.js]
[templates.bwlthemes.com/greenlife/js/custom-scripts.js]
[templates.bwlthemes.com/greenlife/fonts/glyphicons-halflings-regular.html]
[templates.bwlthemes.com/greenlife/fonts/glyphicons-halflings-regulard41d.html]
[templates.bwlthemes.com/greenlife/fonts/glyphicons-halflings-regular-2.html]
[templates.bwlthemes.com/greenlife/fonts/glyphicons-halflings-regular-3.html]
[templates.bwlthemes.com/greenlife/fonts/glyphicons-halflings-regular-4.html]
[templates.bwlthemes.com/greenlife/fonts/glyphicons-halflings-regular-5.html]
[templates.bwlthemes.com/greenlife/fonts/fontawesome-webfont5b62.svg]
[templates.bwlthemes.com/greenlife/css/owl.video.play.html]
[templates.bwlthemes.com/greenlife/images/peoples.html]
[templates.bwlthemes.com/greenlife/images/bg-geometry.html]
[templates.bwlthemes.com/greenlife/images/home_1_banner.html]
[templates.bwlthemes.com/greenlife/css/bootstrap-social.css]
[templates.bwlthemes.com/greenlife/fonts/linea-basic-10.eot]
[templates.bwlthemes.com/greenlife/fonts/linea-basic-10d41d.eot]
[templates.bwlthemes.com/greenlife/fonts/linea-basic-10.woff]
[templates.bwlthemes.com/greenlife/fonts/linea-basic-10.ttf]
[templates.bwlthemes.com/greenlife/css/icon-styles.css]
[templates.bwlthemes.com/greenlife/js/jquery.gmap.min.js]
[templates.bwlthemes.com/greenlife/Popover requires tooltip.html]
[templates.bwlthemes.com/greenlife/fonts/linea-basic-10.svg]
[templates.bwlthemes.com/greenlife/fonts/linea-basic-10.svg]
